Microchip MPLAB XC8 Compiler V1.41 ()

Linker command line:

-W-3 --edf=C:\Program Files (x86)\Microchip\xc8\v1.41\dat\en_msgs.txt -cs \
  -h+dist/default/production\SPISlave.X.production.sym \
  --cmf=dist/default/production\SPISlave.X.production.cmf -z -Q18F25K80 \
  -oC:\Users\Nathalie\AppData\Local\Temp\s85k.2 \
  -Mdist/default/production/SPISlave.X.production.map -E1 -ver=XC8 \
  -ASTACK=060h-0e40h -pstack=STACK -ACODE=00h-07FFFh -ACONST=00h-07FFFh \
  -ASMALLCONST=0F00h-0FFFhx113 -AMEDIUMCONST=0F00h-07FFFh -ACOMRAM=01h-05Fh \
  -AABS1=00h-0E40h -ABIGRAM=01h-0E40h \
  -ARAM=060h-0FFh,0100h-01FFhx13,0E00h-0E40h -ABANK0=060h-0FFh \
  -ABANK1=0100h-01FFh -ABANK2=0200h-02FFh -ABANK3=0300h-03FFh \
  -ABANK4=0400h-04FFh -ABANK5=0500h-05FFh -ABANK6=0600h-06FFh \
  -ABANK7=0700h-07FFh -ABANK8=0800h-08FFh -ABANK9=0900h-09FFh \
  -ABANK10=0A00h-0AFFh -ABANK11=0B00h-0BFFh -ABANK12=0C00h-0CFFh \
  -ABANK13=0D00h-0DFFh -ABANK14=0E00h-0E40h \
  -ASFR=0E41h-0EFFh,0F00h-0F5Fh,0F60h-0FFFh \
  -preset_vec=00h,intcode,intcodelo,powerup,init -pramtop=0F00h \
  -psmallconst=SMALLCONST -pmediumconst=MEDIUMCONST -pconst=CONST \
  -AFARRAM=00h-00h -ACONFIG=0300000h-030000Dh -pconfig=CONFIG \
  -AIDLOC=0200000h-0200007h -pidloc=IDLOC -AEEDATA=0F00000h-0F003FFh \
  -peeprom_data=EEDATA \
  -prdata=COMRAM,nvrram=COMRAM,nvbit=COMRAM,rbss=COMRAM,rbit=COMRAM \
  -pfarbss=FARRAM,fardata=FARRAM,nvFARRAM=FARRAM \
  -pintsave_regs=BIGRAM,bigbss=BIGRAM,bigdata=BIGRAM -pbss=RAM \
  -pidata=CODE,irdata=CODE,ibigdata=CODE,ifardata=CODE -prparam=COMRAM \
  C:\Users\Nathalie\AppData\Local\Temp\s85k.obj \
  dist/default/production\SPISlave.X.production.obj 

Object code version is 3.11

Machine type is 18F25K80

Call graph: (short form)




                Name                               Link     Load   Length Selector   Space Scale
C:\Users\Nathalie\AppData\Local\Temp\s85k.obj
                init                                  0        0        4        0       0
                idloc                            200000   200000        8   200000       0
                config                           300000   300000        E   300000       0
dist/default/production\SPISlave.X.production.obj
                smallconst                          F00      F00       1E      780       0
                text17                             1216     1216       16      78F       0
                text16                             1240     1240       12      78F       0
                text15                             1120     1120       2E      78F       0
                text14                             1268     1268        A      78F       0
                text13                             1178     1178       2A      78F       0
                text12                             1200     1200       16      78F       0
                text11                             1276     1276        4      78F       0
                text10                             11C6     11C6       1E      78F       0
                text9                              11E4     11E4       1C      78F       0
                text8                              10AA     10AA       40      78F       0
                text7                              122C     122C       14      78F       0
                text6                              11A2     11A2       24      78F       0
                text5                              1252     1252        C      78F       0
                text4                              125E     125E        A      78F       0
                text3                               FC0      FC0       78      78F       0
                text2                               F1E      F1E       A2      78F       0
                text1                              1038     1038       72      78F       0
                text0                              114E     114E       2A      78F       0
                cstackCOMRAM                         41       41       17        1       1
                dataCOMRAM                           58       58        4        1       1
                bssCOMRAM                             1        1       40        1       1
                cinit                              10EA     10EA       36      78F       0
                nvCOMRAM                             5C       5C        2        1       1
                idataCOMRAM                        1272     1272        4      78F       0

TOTAL           Name                               Link     Load   Length     Space
        CLASS   STACK          

        CLASS   CODE           
                init                                  0        0        4         0
                text17                             1216     1216       16         0
                text16                             1240     1240       12         0
                text15                             1120     1120       2E         0
                text14                             1268     1268        A         0
                text13                             1178     1178       2A         0
                text12                             1200     1200       16         0
                text11                             1276     1276        4         0
                text10                             11C6     11C6       1E         0
                text9                              11E4     11E4       1C         0
                text8                              10AA     10AA       40         0
                text7                              122C     122C       14         0
                text6                              11A2     11A2       24         0
                text5                              1252     1252        C         0
                text4                              125E     125E        A         0
                text3                               FC0      FC0       78         0
                text2                               F1E      F1E       A2         0
                text1                              1038     1038       72         0
                text0                              114E     114E       2A         0
                cinit                              10EA     10EA       36         0
                idataCOMRAM                        1272     1272        4         0

        CLASS   CONST          

        CLASS   SMALLCONST     
                smallconst                          F00      F00       1E         0

        CLASS   MEDIUMCONST    

        CLASS   COMRAM         
                cstackCOMRAM                         41       41       17         1
                dataCOMRAM                           58       58        4         1
                bssCOMRAM                             1        1       40         1
                nvCOMRAM                             5C       5C        2         1

        CLASS   ABS1           

        CLASS   BIGRAM         

        CLASS   RAM            

        CLASS   BANK0          

        CLASS   BANK1          

        CLASS   BANK2          

        CLASS   BANK3          

        CLASS   BANK4          

        CLASS   BANK5          

        CLASS   BANK6          

        CLASS   BANK7          

        CLASS   BANK8          

        CLASS   BANK9          

        CLASS   BANK10         

        CLASS   BANK11         

        CLASS   BANK12         

        CLASS   BANK13         

        CLASS   BANK14         

        CLASS   SFR            

        CLASS   FARRAM         

        CLASS   CONFIG         
                config                           300000   300000        E         0

        CLASS   IDLOC          
                idloc                            200000   200000        8         0

        CLASS   EEDATA         



SEGMENTS        Name                           Load    Length   Top    Selector   Space  Class

                reset_vec                      000000  000004  000004         0       0  CODE    
                bssCOMRAM                      000001  00005D  00005E         1       1  COMRAM  
                smallconst                     000F00  00001E  000F1E       780       0  SMALLCON
                text2                          000F1E  00035C  00127A       78F       0  CODE    
                idloc                          200000  000008  200008    200000       0  IDLOC   
                config                         300000  00000E  30000E    300000       0  CONFIG  


UNUSED ADDRESS RANGES

        Name                Unused          Largest block    Delta
        BANK0            000060-0000FF               A0
        BANK1            000100-0001FF              100
        BANK10           000A00-000AFF              100
        BANK11           000B00-000BFF              100
        BANK12           000C00-000CFF              100
        BANK13           000D00-000DFF              100
        BANK14           000E00-000E40               41
        BANK2            000200-0002FF              100
        BANK3            000300-0003FF              100
        BANK4            000400-0004FF              100
        BANK5            000500-0005FF              100
        BANK6            000600-0006FF              100
        BANK7            000700-0007FF              100
        BANK8            000800-0008FF              100
        BANK9            000900-0009FF              100
        BIGRAM           00005E-000E40              DE3
        CODE             000004-000EFF              EFC
                         00127A-007FFF             6D86
        COMRAM           00005E-00005F                2
        CONST            000004-000EFF              EFC
                         00127A-007FFF             6D86
        EEDATA           F00000-F003FF              400
        MEDIUMCONST      00127A-007FFF             6D86
        RAM              000060-000E40              100
        SFR              000E41-000FFF               BF
        SMALLCONST       00127A-007FFF              100
        STACK            000060-000E40              DE1

                                  Symbol Table

?_TMR1_ReadTimer                 cstackCOMRAM 000041
?_printf                         cstackCOMRAM 000043
?_receiving                      cstackCOMRAM 00004B
EUSART1_Write@txData             cstackCOMRAM 000041
SPI_Exchange8bit@data            cstackCOMRAM 000042
SPI_Exchange8bit@dummyRead       cstackCOMRAM 000041
TMR1_ReadTimer@readVal           cstackCOMRAM 000045
TMR1_ReadTimer@readValHigh       cstackCOMRAM 000047
TMR1_ReadTimer@readValLow        cstackCOMRAM 000048
TMR1_WriteTimer@timerVal         cstackCOMRAM 000041
_ANCON0                          (abs)        000F5D
_ANCON1                          (abs)        000F5C
_BAUDCON1                        (abs)        000FA7
_BBB_INIT                        dataCOMRAM   00005B
_EUSART1_Initialize              text17       001216
_EUSART1_Write                   text5        001252
_INTCON2bits                     (abs)        000FF1
_LATA                            (abs)        000F89
_LATB                            (abs)        000F8A
_LATBbits                        (abs)        000F8A
_LATC                            (abs)        000F8B
_MY_BUFFER_SIZE                  dataCOMRAM   000058
_OSCCON                          (abs)        000FD3
_OSCCON2                         (abs)        000FD2
_OSCILLATOR_Initialize           text16       001240
_OSCTUNE                         (abs)        000F9B
_PIN_MANAGER_Initialize          text15       001120
_PIR1bits                        (abs)        000F9E
_RCREG1                          (abs)        000FAE
_RCSTA1                          (abs)        000FAB
_RCSTA1bits                      (abs)        000FAB
_REFOCON                         (abs)        000F9A
_SPBRG1                          (abs)        000FAF
_SPBRGH1                         (abs)        000F7D
_SPI_Exchange8bit                text7        00122C
_SPI_Initialize                  text14       001268
_SSPBUF                          (abs)        000FC9
_SSPCON1                         (abs)        000FC6
_SSPCON1bits                     (abs)        000FC6
_SSPSTAT                         (abs)        000FC7
_SSPSTATbits                     (abs)        000FC7
_SYSTEM_Initialize               text12       001200
_T1CON                           (abs)        000FCD
_T1CONbits                       (abs)        000FCD
_T1GCON                          (abs)        000FAA
_T1GCONbits                      (abs)        000FAA
_TMR1H                           (abs)        000FCF
_TMR1L                           (abs)        000FCE
_TMR1_Initialize                 text13       001178
_TMR1_ReadTimer                  text10       0011C6
_TMR1_StartTimer                 text11       001276
_TMR1_WriteTimer                 text9        0011E4
_TRISA                           (abs)        000F92
_TRISB                           (abs)        000F93
_TRISC                           (abs)        000F94
_TXREG1                          (abs)        000FAD
_TXSTA1                          (abs)        000FAC
_WPUB                            (abs)        000F5B
__CFG_BBSIZ$BB2K                 (abs)        000000
__CFG_BOREN$SBORDIS              (abs)        000000
__CFG_BORPWR$ZPBORMV             (abs)        000000
__CFG_BORV$3                     (abs)        000000
__CFG_CANMX$PORTB                (abs)        000000
__CFG_CP0$OFF                    (abs)        000000
__CFG_CP1$OFF                    (abs)        000000
__CFG_CP2$OFF                    (abs)        000000
__CFG_CP3$OFF                    (abs)        000000
__CFG_CPB$OFF                    (abs)        000000
__CFG_CPD$OFF                    (abs)        000000
__CFG_EBTR0$OFF                  (abs)        000000
__CFG_EBTR1$OFF                  (abs)        000000
__CFG_EBTR2$OFF                  (abs)        000000
__CFG_EBTR3$OFF                  (abs)        000000
__CFG_EBTRB$OFF                  (abs)        000000
__CFG_FCMEN$OFF                  (abs)        000000
__CFG_FOSC$HS2                   (abs)        000000
__CFG_IESO$OFF                   (abs)        000000
__CFG_INTOSCSEL$HIGH             (abs)        000000
__CFG_MCLRE$ON                   (abs)        000000
__CFG_MSSPMSK$MSK7               (abs)        000000
__CFG_PLLCFG$OFF                 (abs)        000000
__CFG_PWRTEN$OFF                 (abs)        000000
__CFG_RETEN$OFF                  (abs)        000000
__CFG_SOSCSEL$DIG                (abs)        000000
__CFG_STVREN$ON                  (abs)        000000
__CFG_WDTEN$OFF                  (abs)        000000
__CFG_WDTPS$1048576              (abs)        000000
__CFG_WRT0$OFF                   (abs)        000000
__CFG_WRT1$OFF                   (abs)        000000
__CFG_WRT2$OFF                   (abs)        000000
__CFG_WRT3$OFF                   (abs)        000000
__CFG_WRTB$OFF                   (abs)        000000
__CFG_WRTC$OFF                   (abs)        000000
__CFG_WRTD$OFF                   (abs)        000000
__CFG_XINST$OFF                  (abs)        000000
__HRAM                           (abs)        000000
__Habs1                          abs1         000000
__Hbank0                         bank0        000000
__Hbank1                         bank1        000000
__Hbank10                        bank10       000000
__Hbank11                        bank11       000000
__Hbank12                        bank12       000000
__Hbank13                        bank13       000000
__Hbank14                        bank14       000000
__Hbank2                         bank2        000000
__Hbank3                         bank3        000000
__Hbank4                         bank4        000000
__Hbank5                         bank5        000000
__Hbank6                         bank6        000000
__Hbank7                         bank7        000000
__Hbank8                         bank8        000000
__Hbank9                         bank9        000000
__Hbigbss                        bigbss       000000
__Hbigdata                       bigdata      000000
__Hbigram                        bigram       000000
__Hbss                           bss          000000
__HbssCOMRAM                     bssCOMRAM    000000
__Hcinit                         cinit        000000
__Hclrtext                       clrtext      000000
__Hcomram                        comram       000000
__Hconfig                        config       30000E
__Hconst                         const        000000
__HcstackCOMRAM                  cstackCOMRAM 000000
__Hdata                          data         000000
__HdataCOMRAM                    dataCOMRAM   000000
__Heeprom_data                   eeprom_data  000000
__Hfarbss                        farbss       000000
__Hfardata                       fardata      000000
__Hibigdata                      ibigdata     000000
__Hidata                         idata        000000
__HidataCOMRAM                   idataCOMRAM  000000
__Hidloc                         idloc        200008
__Hifardata                      ifardata     000000
__Hinit                          init         000004
__Hintcode                       intcode      000000
__Hintcode_body                  intcode_body 000000
__Hintcodelo                     intcodelo    000000
__Hintentry                      intentry     000000
__Hintret                        intret       000000
__Hintsave_regs                  intsave_regs 000000
__Hirdata                        irdata       000000
__Hmediumconst                   mediumconst  000000
__HnvCOMRAM                      nvCOMRAM     000000
__HnvFARRAM                      nvFARRAM     000000
__Hnvbit                         nvbit        000000
__Hnvrram                        nvrram       000000
__Hparam                         rparam       000000
__Hpowerup                       powerup      000000
__Hram                           ram          000000
__Hramtop                        ramtop       000F00
__Hrbit                          rbit         000000
__Hrbss                          rbss         000000
__Hrdata                         rdata        000000
__Hreset_vec                     reset_vec    000000
__Hrparam                        rparam       000000
__Hsfr                           sfr          000000
__Hsmallconst                    smallconst   000F1E
__Hspace_0                       (abs)        30000E
__Hspace_1                       (abs)        00005E
__Hspace_2                       (abs)        000000
__Hstack                         stack        000000
__Hstruct                        struct       000000
__Htemp                          temp         000000
__Htext                          text         000000
__Htext0                         text0        000000
__Htext1                         text1        000000
__Htext10                        text10       000000
__Htext11                        text11       000000
__Htext12                        text12       000000
__Htext13                        text13       000000
__Htext14                        text14       000000
__Htext15                        text15       000000
__Htext16                        text16       000000
__Htext17                        text17       000000
__Htext2                         text2        000000
__Htext3                         text3        000000
__Htext4                         text4        000000
__Htext5                         text5        000000
__Htext6                         text6        000000
__Htext7                         text7        000000
__Htext8                         text8        000000
__Htext9                         text9        000000
__LRAM                           (abs)        000001
__Labs1                          abs1         000000
__Lbank0                         bank0        000000
__Lbank1                         bank1        000000
__Lbank10                        bank10       000000
__Lbank11                        bank11       000000
__Lbank12                        bank12       000000
__Lbank13                        bank13       000000
__Lbank14                        bank14       000000
__Lbank2                         bank2        000000
__Lbank3                         bank3        000000
__Lbank4                         bank4        000000
__Lbank5                         bank5        000000
__Lbank6                         bank6        000000
__Lbank7                         bank7        000000
__Lbank8                         bank8        000000
__Lbank9                         bank9        000000
__Lbigbss                        bigbss       000000
__Lbigdata                       bigdata      000000
__Lbigram                        bigram       000000
__Lbss                           bss          000000
__LbssCOMRAM                     bssCOMRAM    000000
__Lcinit                         cinit        000000
__Lclrtext                       clrtext      000000
__Lcomram                        comram       000000
__Lconfig                        config       300000
__Lconst                         const        000000
__LcstackCOMRAM                  cstackCOMRAM 000000
__Ldata                          data         000000
__LdataCOMRAM                    dataCOMRAM   000000
__Leeprom_data                   eeprom_data  000000
__Lfarbss                        farbss       000000
__Lfardata                       fardata      000000
__Libigdata                      ibigdata     000000
__Lidata                         idata        000000
__LidataCOMRAM                   idataCOMRAM  000000
__Lidloc                         idloc        200000
__Lifardata                      ifardata     000000
__Linit                          init         000000
__Lintcode                       intcode      000000
__Lintcode_body                  intcode_body 000000
__Lintcodelo                     intcodelo    000000
__Lintentry                      intentry     000000
__Lintret                        intret       000000
__Lintsave_regs                  intsave_regs 000000
__Lirdata                        irdata       000000
__Lmediumconst                   mediumconst  000000
__LnvCOMRAM                      nvCOMRAM     000000
__LnvFARRAM                      nvFARRAM     000000
__Lnvbit                         nvbit        000000
__Lnvrram                        nvrram       000000
__Lparam                         rparam       000000
__Lpowerup                       powerup      000000
__Lram                           ram          000000
__Lramtop                        ramtop       000F00
__Lrbit                          rbit         000000
__Lrbss                          rbss         000000
__Lrdata                         rdata        000000
__Lreset_vec                     reset_vec    000000
__Lrparam                        rparam       000000
__Lsfr                           sfr          000000
__Lsmallconst                    smallconst   000F00
__Lspace_0                       (abs)        000000
__Lspace_1                       (abs)        000000
__Lspace_2                       (abs)        000000
__Lstack                         stack        000000
__Lstruct                        struct       000000
__Ltemp                          temp         000000
__Ltext                          text         000000
__Ltext0                         text0        000000
__Ltext1                         text1        000000
__Ltext10                        text10       000000
__Ltext11                        text11       000000
__Ltext12                        text12       000000
__Ltext13                        text13       000000
__Ltext14                        text14       000000
__Ltext15                        text15       000000
__Ltext16                        text16       000000
__Ltext17                        text17       000000
__Ltext2                         text2        000000
__Ltext3                         text3        000000
__Ltext4                         text4        000000
__Ltext5                         text5        000000
__Ltext6                         text6        000000
__Ltext7                         text7        000000
__Ltext8                         text8        000000
__Ltext9                         text9        000000
__S0                             (abs)        30000E
__S1                             (abs)        00005E
__S2                             (abs)        000000
___inthi_sp                      stack        000000
___intlo_sp                      stack        000000
___param_bank                    (abs)        000000
___rparam_used                   (abs)        000001
___sp                            stack        000000
__accesstop                      (abs)        000060
__activetblptr                   (abs)        000002
__end_of_EUSART1_Initialize      text17       00122C
__end_of_EUSART1_Write           text5        00125E
__end_of_OSCILLATOR_Initialize   text16       001252
__end_of_PIN_MANAGER_Initialize  text15       00114E
__end_of_SPI_Exchange8bit        text7        001240
__end_of_SPI_Initialize          text14       001272
__end_of_SYSTEM_Initialize       text12       001216
__end_of_TMR1_Initialize         text13       0011A2
__end_of_TMR1_ReadTimer          text10       0011E4
__end_of_TMR1_StartTimer         text11       00127A
__end_of_TMR1_WriteTimer         text9        001200
__end_of__initialization         cinit        001116
__end_of_identify                text8        0010EA
__end_of_key_locking             text6        0011C6
__end_of_main                    text0        001178
__end_of_printf                  text3        001038
__end_of_putch                   text4        001268
__end_of_receiving               text2        000FC0
__end_of_routine_talk            text1        0010AA
__initialization                 cinit        0010EA
__mediumconst                    mediumconst  000000
__pbssCOMRAM                     bssCOMRAM    000001
__pcinit                         cinit        0010EA
__pcstackCOMRAM                  cstackCOMRAM 000041
__pdataCOMRAM                    dataCOMRAM   000058
__pidataCOMRAM                   idataCOMRAM  001272
__pnvCOMRAM                      nvCOMRAM     00005C
__psmallconst                    smallconst   000F00
__ptext0                         text0        00114E
__ptext1                         text1        001038
__ptext10                        text10       0011C6
__ptext11                        text11       001276
__ptext12                        text12       001200
__ptext13                        text13       001178
__ptext14                        text14       001268
__ptext15                        text15       001120
__ptext16                        text16       001240
__ptext17                        text17       001216
__ptext2                         text2        000F1E
__ptext3                         text3        000FC0
__ptext4                         text4        00125E
__ptext5                         text5        001252
__ptext6                         text6        0011A2
__ptext7                         text7        00122C
__ptext8                         text8        0010AA
__ptext9                         text9        0011E4
__ramtop                         ramtop       000F00
__size_of_EUSART1_Initialize     (abs)        000000
__size_of_EUSART1_Write          (abs)        000000
__size_of_OSCILLATOR_Initialize  (abs)        000000
__size_of_PIN_MANAGER_Initialize (abs)        000000
__size_of_SPI_Exchange8bit       (abs)        000000
__size_of_SPI_Initialize         (abs)        000000
__size_of_SYSTEM_Initialize      (abs)        000000
__size_of_TMR1_Initialize        (abs)        000000
__size_of_TMR1_ReadTimer         (abs)        000000
__size_of_TMR1_StartTimer        (abs)        000000
__size_of_TMR1_WriteTimer        (abs)        000000
__size_of_identify               (abs)        000000
__size_of_key_locking            (abs)        000000
__size_of_main                   (abs)        000000
__size_of_printf                 (abs)        000000
__size_of_putch                  (abs)        000000
__size_of_receiving              (abs)        000000
__size_of_routine_talk           (abs)        000000
__smallconst                     smallconst   000F00
_i                               bssCOMRAM    00003D
_identify                        text8        0010AA
_key_locking                     text6        0011A2
_main                            text0        00114E
_printf                          text3        000FC0
_putch                           text4        00125E
_readData                        bssCOMRAM    000001
_readDummy                       bssCOMRAM    00003E
_receiving                       text2        000F1E
_routine_talk                    text1        001038
_timer1ReloadVal                 nvCOMRAM     00005C
_total                           bssCOMRAM    000040
_turn                            bssCOMRAM    00003F
_writeDummy                      dataCOMRAM   00005A
end_of_initialization            cinit        001116
identify@adress                  cstackCOMRAM 000041
intlevel0                        text         000000
intlevel1                        text         000000
intlevel2                        text         000000
intlevel3                        text         000000
key_locking@master               cstackCOMRAM 000043
key_locking@master_lock          cstackCOMRAM 000048
key_locking@slave                cstackCOMRAM 000045
printf@ap                        cstackCOMRAM 000048
printf@c                         cstackCOMRAM 00004A
printf@f                         cstackCOMRAM 000043
printf@flag                      cstackCOMRAM 000047
putch@txData                     cstackCOMRAM 000042
routine_talk@ReadTimer           cstackCOMRAM 000054
routine_talk@adress              cstackCOMRAM 000050
routine_talk@lock                cstackCOMRAM 000056
routine_talk@time_up             cstackCOMRAM 000057
routine_talk@type                cstackCOMRAM 000052
stackhi                          (abs)        000E40
stacklo                          (abs)        000060
start                            init         000000
start_initialization             cinit        0010EA


FUNCTION INFORMATION:

 *************** function _main *****************
 Defined at:
		line 50 in file "main.c"
 Parameters:    Size  Location     Type
		None
 Auto vars:     Size  Location     Type
		None
 Return value:  Size  Location     Type
                  1    wreg      void 
 Registers used:
		wreg, fsr2l, fsr2h, status,2, status,0, tblptrl, tblptrh, tblptru, prodl, prodh, cstack
 Tracked objects:
		On entry : 
		On exit  : 
		Unchanged: 
 Data sizes:     COMRAM   BANK0   BANK1   BANK2   BANK3   BANK4   BANK5   BANK6   BANK7   BANK8   BANK9  BANK10  BANK11  BANK12  BANK13  BANK14
      Params:         0       0       0       0       0       0       0       0       0       0       0       0       0       0       0       0
      Locals:         0       0       0       0       0       0       0       0       0       0       0       0       0       0       0       0
      Temps:          0       0       0       0       0       0       0       0       0       0       0       0       0       0       0       0
      Totals:         0       0       0       0       0       0       0       0       0       0       0       0       0       0       0       0
Total ram usage:        0 bytes
 Hardware stack levels required when called:    5
 This function calls:
		_SPI_Initialize
		_SYSTEM_Initialize
		_TMR1_StartTimer
		_printf
		_routine_talk
 This function is called by:
		Startup code after reset
 This function uses a non-reentrant model


 *************** function _routine_talk *****************
 Defined at:
		line 146 in file "main.c"
 Parameters:    Size  Location     Type
  adress          2   15[COMRAM] int 
 Auto vars:     Size  Location     Type
  ReadTimer       2   19[COMRAM] int 
  type            2   17[COMRAM] int 
  time_up         1   22[COMRAM] unsigned char 
  lock            1   21[COMRAM] unsigned char 
 Return value:  Size  Location     Type
                  1    wreg      void 
 Registers used:
		wreg, fsr2l, fsr2h, status,2, status,0, tblptrl, tblptrh, tblptru, prodl, prodh, cstack
 Tracked objects:
		On entry : 
		On exit  : 
		Unchanged: 
 Data sizes:     COMRAM   BANK0   BANK1   BANK2   BANK3   BANK4   BANK5   BANK6   BANK7   BANK8   BANK9  BANK10  BANK11  BANK12  BANK13  BANK14
      Params:         2       0       0       0       0       0       0       0       0       0       0       0       0       0       0       0
      Locals:         6       0       0       0       0       0       0       0       0       0       0       0       0       0       0       0
      Temps:          0       0       0       0       0       0       0       0       0       0       0       0       0       0       0       0
      Totals:         8       0       0       0       0       0       0       0       0       0       0       0       0       0       0       0
Total ram usage:        8 bytes
 Hardware stack levels used:    1
 Hardware stack levels required when called:    4
 This function calls:
		_TMR1_ReadTimer
		_TMR1_WriteTimer
		_identify
		_key_locking
		_receiving
 This function is called by:
		_main
 This function uses a non-reentrant model


 *************** function _receiving *****************
 Defined at:
		line 84 in file "main.c"
 Parameters:    Size  Location     Type
		None
 Auto vars:     Size  Location     Type
		None
 Return value:  Size  Location     Type
                  2   10[COMRAM] int 
 Registers used:
		wreg, fsr2l, fsr2h, status,2, status,0, tblptrl, tblptrh, tblptru, prodl, prodh, cstack
 Tracked objects:
		On entry : 
		On exit  : 
		Unchanged: 
 Data sizes:     COMRAM   BANK0   BANK1   BANK2   BANK3   BANK4   BANK5   BANK6   BANK7   BANK8   BANK9  BANK10  BANK11  BANK12  BANK13  BANK14
      Params:         2       0       0       0       0       0       0       0       0       0       0       0       0       0       0       0
      Locals:         0       0       0       0       0       0       0       0       0       0       0       0       0       0       0       0
      Temps:          3       0       0       0       0       0       0       0       0       0       0       0       0       0       0       0
      Totals:         5       0       0       0       0       0       0       0       0       0       0       0       0       0       0       0
Total ram usage:        5 bytes
 Hardware stack levels used:    1
 Hardware stack levels required when called:    3
 This function calls:
		_SPI_Exchange8bit
		_printf
 This function is called by:
		_routine_talk
 This function uses a non-reentrant model


 *************** function _printf *****************
 Defined at:
		line 464 in file "C:\Program Files (x86)\Microchip\xc8\v1.41\sources\common\doprnt.c"
 Parameters:    Size  Location     Type
  f               2    2[COMRAM] PTR const unsigned char 
		 -> STR_2(3), STR_1(25), 
 Auto vars:     Size  Location     Type
  tmpval          4    0        struct .
  cp              3    0        PTR const unsigned char 
  ap              2    7[COMRAM] PTR void [1]
		 -> ?_printf(2), 
  len             2    0        unsigned int 
  val             2    0        unsigned int 
  c               1    9[COMRAM] char 
  flag            1    6[COMRAM] unsigned char 
  prec            1    0        char 
 Return value:  Size  Location     Type
                  2    2[COMRAM] int 
 Registers used:
		wreg, fsr2l, fsr2h, status,2, status,0, tblptrl, tblptrh, tblptru, cstack
 Tracked objects:
		On entry : 
		On exit  : 
		Unchanged: 
 Data sizes:     COMRAM   BANK0   BANK1   BANK2   BANK3   BANK4   BANK5   BANK6   BANK7   BANK8   BANK9  BANK10  BANK11  BANK12  BANK13  BANK14
      Params:         4       0       0       0       0       0       0       0       0       0       0       0       0       0       0       0
      Locals:         4       0       0       0       0       0       0       0       0       0       0       0       0       0       0       0
      Temps:          0       0       0       0       0       0       0       0       0       0       0       0       0       0       0       0
      Totals:         8       0       0       0       0       0       0       0       0       0       0       0       0       0       0       0
Total ram usage:        8 bytes
 Hardware stack levels used:    1
 Hardware stack levels required when called:    2
 This function calls:
		_putch
 This function is called by:
		_main
		_receiving
 This function uses a non-reentrant model


 *************** function _putch *****************
 Defined at:
		line 107 in file "mcc_generated_files/eusart1.c"
 Parameters:    Size  Location     Type
  txData          1    wreg     unsigned char 
 Auto vars:     Size  Location     Type
  txData          1    1[COMRAM] unsigned char 
 Return value:  Size  Location     Type
                  1    wreg      void 
 Registers used:
		wreg, status,2, cstack
 Tracked objects:
		On entry : 
		On exit  : 
		Unchanged: 
 Data sizes:     COMRAM   BANK0   BANK1   BANK2   BANK3   BANK4   BANK5   BANK6   BANK7   BANK8   BANK9  BANK10  BANK11  BANK12  BANK13  BANK14
      Params:         0       0       0       0       0       0       0       0       0       0       0       0       0       0       0       0
      Locals:         1       0       0       0       0       0       0       0       0       0       0       0       0       0       0       0
      Temps:          0       0       0       0       0       0       0       0       0       0       0       0       0       0       0       0
      Totals:         1       0       0       0       0       0       0       0       0       0       0       0       0       0       0       0
Total ram usage:        1 bytes
 Hardware stack levels used:    1
 Hardware stack levels required when called:    1
 This function calls:
		_EUSART1_Write
 This function is called by:
		_printf
 This function uses a non-reentrant model


 *************** function _EUSART1_Write *****************
 Defined at:
		line 93 in file "mcc_generated_files/eusart1.c"
 Parameters:    Size  Location     Type
  txData          1    wreg     unsigned char 
 Auto vars:     Size  Location     Type
  txData          1    0[COMRAM] unsigned char 
 Return value:  Size  Location     Type
                  1    wreg      void 
 Registers used:
		wreg
 Tracked objects:
		On entry : 
		On exit  : 
		Unchanged: 
 Data sizes:     COMRAM   BANK0   BANK1   BANK2   BANK3   BANK4   BANK5   BANK6   BANK7   BANK8   BANK9  BANK10  BANK11  BANK12  BANK13  BANK14
      Params:         0       0       0       0       0       0       0       0       0       0       0       0       0       0       0       0
      Locals:         1       0       0       0       0       0       0       0       0       0       0       0       0       0       0       0
      Temps:          0       0       0       0       0       0       0       0       0       0       0       0       0       0       0       0
      Totals:         1       0       0       0       0       0       0       0       0       0       0       0       0       0       0       0
Total ram usage:        1 bytes
 Hardware stack levels used:    1
 This function calls:
		Nothing
 This function is called by:
		_putch
 This function uses a non-reentrant model


 *************** function _key_locking *****************
 Defined at:
		line 75 in file "main.c"
 Parameters:    Size  Location     Type
  master          2    2[COMRAM] int 
  slave           2    4[COMRAM] int 
 Auto vars:     Size  Location     Type
  master_lock     2    7[COMRAM] int 
 Return value:  Size  Location     Type
                  1    wreg      unsigned char 
 Registers used:
		wreg, status,2, status,0, cstack
 Tracked objects:
		On entry : 
		On exit  : 
		Unchanged: 
 Data sizes:     COMRAM   BANK0   BANK1   BANK2   BANK3   BANK4   BANK5   BANK6   BANK7   BANK8   BANK9  BANK10  BANK11  BANK12  BANK13  BANK14
      Params:         4       0       0       0       0       0       0       0       0       0       0       0       0       0       0       0
      Locals:         2       0       0       0       0       0       0       0       0       0       0       0       0       0       0       0
      Temps:          1       0       0       0       0       0       0       0       0       0       0       0       0       0       0       0
      Totals:         7       0       0       0       0       0       0       0       0       0       0       0       0       0       0       0
Total ram usage:        7 bytes
 Hardware stack levels used:    1
 Hardware stack levels required when called:    1
 This function calls:
		_SPI_Exchange8bit
 This function is called by:
		_routine_talk
 This function uses a non-reentrant model


 *************** function _SPI_Exchange8bit *****************
 Defined at:
		line 73 in file "mcc_generated_files/spi.c"
 Parameters:    Size  Location     Type
  data            1    wreg     unsigned char 
 Auto vars:     Size  Location     Type
  data            1    1[COMRAM] unsigned char 
  dummyRead       1    0[COMRAM] unsigned char 
 Return value:  Size  Location     Type
                  1    wreg      unsigned char 
 Registers used:
		wreg, status,2
 Tracked objects:
		On entry : 
		On exit  : 
		Unchanged: 
 Data sizes:     COMRAM   BANK0   BANK1   BANK2   BANK3   BANK4   BANK5   BANK6   BANK7   BANK8   BANK9  BANK10  BANK11  BANK12  BANK13  BANK14
      Params:         0       0       0       0       0       0       0       0       0       0       0       0       0       0       0       0
      Locals:         2       0       0       0       0       0       0       0       0       0       0       0       0       0       0       0
      Temps:          0       0       0       0       0       0       0       0       0       0       0       0       0       0       0       0
      Totals:         2       0       0       0       0       0       0       0       0       0       0       0       0       0       0       0
Total ram usage:        2 bytes
 Hardware stack levels used:    1
 This function calls:
		Nothing
 This function is called by:
		_key_locking
		_receiving
		_SPI_Exchange8bitBuffer
		_transmit
		_BBB_broadcast
 This function uses a non-reentrant model


 *************** function _identify *****************
 Defined at:
		line 133 in file "main.c"
 Parameters:    Size  Location     Type
  adress          2    0[COMRAM] int 
 Auto vars:     Size  Location     Type
		None
 Return value:  Size  Location     Type
                  1    wreg      void 
 Registers used:
		wreg, status,2, status,0
 Tracked objects:
		On entry : 
		On exit  : 
		Unchanged: 
 Data sizes:     COMRAM   BANK0   BANK1   BANK2   BANK3   BANK4   BANK5   BANK6   BANK7   BANK8   BANK9  BANK10  BANK11  BANK12  BANK13  BANK14
      Params:         2       0       0       0       0       0       0       0       0       0       0       0       0       0       0       0
      Locals:         0       0       0       0       0       0       0       0       0       0       0       0       0       0       0       0
      Temps:          0       0       0       0       0       0       0       0       0       0       0       0       0       0       0       0
      Totals:         2       0       0       0       0       0       0       0       0       0       0       0       0       0       0       0
Total ram usage:        2 bytes
 Hardware stack levels used:    1
 This function calls:
		Nothing
 This function is called by:
		_routine_talk
		_transmit
		_BBB_turn_player
 This function uses a non-reentrant model


 *************** function _TMR1_WriteTimer *****************
 Defined at:
		line 112 in file "mcc_generated_files/tmr1.c"
 Parameters:    Size  Location     Type
  timerVal        2    0[COMRAM] unsigned int 
 Auto vars:     Size  Location     Type
		None
 Return value:  Size  Location     Type
                  1    wreg      void 
 Registers used:
		wreg, status,2
 Tracked objects:
		On entry : 
		On exit  : 
		Unchanged: 
 Data sizes:     COMRAM   BANK0   BANK1   BANK2   BANK3   BANK4   BANK5   BANK6   BANK7   BANK8   BANK9  BANK10  BANK11  BANK12  BANK13  BANK14
      Params:         2       0       0       0       0       0       0       0       0       0       0       0       0       0       0       0
      Locals:         0       0       0       0       0       0       0       0       0       0       0       0       0       0       0       0
      Temps:          0       0       0       0       0       0       0       0       0       0       0       0       0       0       0       0
      Totals:         2       0       0       0       0       0       0       0       0       0       0       0       0       0       0       0
Total ram usage:        2 bytes
 Hardware stack levels used:    1
 This function calls:
		Nothing
 This function is called by:
		_routine_talk
		_TMR1_Reload
 This function uses a non-reentrant model


 *************** function _TMR1_ReadTimer *****************
 Defined at:
		line 97 in file "mcc_generated_files/tmr1.c"
 Parameters:    Size  Location     Type
		None
 Auto vars:     Size  Location     Type
  readVal         2    4[COMRAM] unsigned int 
  readValLow      1    7[COMRAM] unsigned char 
  readValHigh     1    6[COMRAM] unsigned char 
 Return value:  Size  Location     Type
                  2    0[COMRAM] unsigned int 
 Registers used:
		wreg, status,2
 Tracked objects:
		On entry : 
		On exit  : 
		Unchanged: 
 Data sizes:     COMRAM   BANK0   BANK1   BANK2   BANK3   BANK4   BANK5   BANK6   BANK7   BANK8   BANK9  BANK10  BANK11  BANK12  BANK13  BANK14
      Params:         2       0       0       0       0       0       0       0       0       0       0       0       0       0       0       0
      Locals:         4       0       0       0       0       0       0       0       0       0       0       0       0       0       0       0
      Temps:          2       0       0       0       0       0       0       0       0       0       0       0       0       0       0       0
      Totals:         8       0       0       0       0       0       0       0       0       0       0       0       0       0       0       0
Total ram usage:        8 bytes
 Hardware stack levels used:    1
 This function calls:
		Nothing
 This function is called by:
		_routine_talk
 This function uses a non-reentrant model


 *************** function _TMR1_StartTimer *****************
 Defined at:
		line 85 in file "mcc_generated_files/tmr1.c"
 Parameters:    Size  Location     Type
		None
 Auto vars:     Size  Location     Type
		None
 Return value:  Size  Location     Type
                  1    wreg      void 
 Registers used:
		None
 Tracked objects:
		On entry : 
		On exit  : 
		Unchanged: 
 Data sizes:     COMRAM   BANK0   BANK1   BANK2   BANK3   BANK4   BANK5   BANK6   BANK7   BANK8   BANK9  BANK10  BANK11  BANK12  BANK13  BANK14
      Params:         0       0       0       0       0       0       0       0       0       0       0       0       0       0       0       0
      Locals:         0       0       0       0       0       0       0       0       0       0       0       0       0       0       0       0
      Temps:          0       0       0       0       0       0       0       0       0       0       0       0       0       0       0       0
      Totals:         0       0       0       0       0       0       0       0       0       0       0       0       0       0       0       0
Total ram usage:        0 bytes
 Hardware stack levels used:    1
 This function calls:
		Nothing
 This function is called by:
		_main
 This function uses a non-reentrant model


 *************** function _SYSTEM_Initialize *****************
 Defined at:
		line 112 in file "mcc_generated_files/mcc.c"
 Parameters:    Size  Location     Type
		None
 Auto vars:     Size  Location     Type
		None
 Return value:  Size  Location     Type
                  1    wreg      void 
 Registers used:
		wreg, status,2, status,0, cstack
 Tracked objects:
		On entry : 
		On exit  : 
		Unchanged: 
 Data sizes:     COMRAM   BANK0   BANK1   BANK2   BANK3   BANK4   BANK5   BANK6   BANK7   BANK8   BANK9  BANK10  BANK11  BANK12  BANK13  BANK14
      Params:         0       0       0       0       0       0       0       0       0       0       0       0       0       0       0       0
      Locals:         0       0       0       0       0       0       0       0       0       0       0       0       0       0       0       0
      Temps:          0       0       0       0       0       0       0       0       0       0       0       0       0       0       0       0
      Totals:         0       0       0       0       0       0       0       0       0       0       0       0       0       0       0       0
Total ram usage:        0 bytes
 Hardware stack levels used:    1
 Hardware stack levels required when called:    1
 This function calls:
		_EUSART1_Initialize
		_OSCILLATOR_Initialize
		_PIN_MANAGER_Initialize
		_SPI_Initialize
		_TMR1_Initialize
 This function is called by:
		_main
 This function uses a non-reentrant model


 *************** function _TMR1_Initialize *****************
 Defined at:
		line 62 in file "mcc_generated_files/tmr1.c"
 Parameters:    Size  Location     Type
		None
 Auto vars:     Size  Location     Type
		None
 Return value:  Size  Location     Type
                  1    wreg      void 
 Registers used:
		wreg, status,2, status,0
 Tracked objects:
		On entry : 
		On exit  : 
		Unchanged: 
 Data sizes:     COMRAM   BANK0   BANK1   BANK2   BANK3   BANK4   BANK5   BANK6   BANK7   BANK8   BANK9  BANK10  BANK11  BANK12  BANK13  BANK14
      Params:         0       0       0       0       0       0       0       0       0       0       0       0       0       0       0       0
      Locals:         0       0       0       0       0       0       0       0       0       0       0       0       0       0       0       0
      Temps:          2       0       0       0       0       0       0       0       0       0       0       0       0       0       0       0
      Totals:         2       0       0       0       0       0       0       0       0       0       0       0       0       0       0       0
Total ram usage:        2 bytes
 Hardware stack levels used:    1
 This function calls:
		Nothing
 This function is called by:
		_SYSTEM_Initialize
 This function uses a non-reentrant model


 *************** function _SPI_Initialize *****************
 Defined at:
		line 62 in file "mcc_generated_files/spi.c"
 Parameters:    Size  Location     Type
		None
 Auto vars:     Size  Location     Type
		None
 Return value:  Size  Location     Type
                  1    wreg      void 
 Registers used:
		wreg, status,2
 Tracked objects:
		On entry : 
		On exit  : 
		Unchanged: 
 Data sizes:     COMRAM   BANK0   BANK1   BANK2   BANK3   BANK4   BANK5   BANK6   BANK7   BANK8   BANK9  BANK10  BANK11  BANK12  BANK13  BANK14
      Params:         0       0       0       0       0       0       0       0       0       0       0       0       0       0       0       0
      Locals:         0       0       0       0       0       0       0       0       0       0       0       0       0       0       0       0
      Temps:          0       0       0       0       0       0       0       0       0       0       0       0       0       0       0       0
      Totals:         0       0       0       0       0       0       0       0       0       0       0       0       0       0       0       0
Total ram usage:        0 bytes
 Hardware stack levels used:    1
 This function calls:
		Nothing
 This function is called by:
		_SYSTEM_Initialize
		_main
 This function uses a non-reentrant model


 *************** function _PIN_MANAGER_Initialize *****************
 Defined at:
		line 52 in file "mcc_generated_files/pin_manager.c"
 Parameters:    Size  Location     Type
		None
 Auto vars:     Size  Location     Type
		None
 Return value:  Size  Location     Type
                  1    wreg      void 
 Registers used:
		wreg, status,2
 Tracked objects:
		On entry : 
		On exit  : 
		Unchanged: 
 Data sizes:     COMRAM   BANK0   BANK1   BANK2   BANK3   BANK4   BANK5   BANK6   BANK7   BANK8   BANK9  BANK10  BANK11  BANK12  BANK13  BANK14
      Params:         0       0       0       0       0       0       0       0       0       0       0       0       0       0       0       0
      Locals:         0       0       0       0       0       0       0       0       0       0       0       0       0       0       0       0
      Temps:          0       0       0       0       0       0       0       0       0       0       0       0       0       0       0       0
      Totals:         0       0       0       0       0       0       0       0       0       0       0       0       0       0       0       0
Total ram usage:        0 bytes
 Hardware stack levels used:    1
 This function calls:
		Nothing
 This function is called by:
		_SYSTEM_Initialize
 This function uses a non-reentrant model


 *************** function _OSCILLATOR_Initialize *****************
 Defined at:
		line 121 in file "mcc_generated_files/mcc.c"
 Parameters:    Size  Location     Type
		None
 Auto vars:     Size  Location     Type
		None
 Return value:  Size  Location     Type
                  1    wreg      void 
 Registers used:
		wreg, status,2
 Tracked objects:
		On entry : 
		On exit  : 
		Unchanged: 
 Data sizes:     COMRAM   BANK0   BANK1   BANK2   BANK3   BANK4   BANK5   BANK6   BANK7   BANK8   BANK9  BANK10  BANK11  BANK12  BANK13  BANK14
      Params:         0       0       0       0       0       0       0       0       0       0       0       0       0       0       0       0
      Locals:         0       0       0       0       0       0       0       0       0       0       0       0       0       0       0       0
      Temps:          0       0       0       0       0       0       0       0       0       0       0       0       0       0       0       0
      Totals:         0       0       0       0       0       0       0       0       0       0       0       0       0       0       0       0
Total ram usage:        0 bytes
 Hardware stack levels used:    1
 This function calls:
		Nothing
 This function is called by:
		_SYSTEM_Initialize
 This function uses a non-reentrant model


 *************** function _EUSART1_Initialize *****************
 Defined at:
		line 53 in file "mcc_generated_files/eusart1.c"
 Parameters:    Size  Location     Type
		None
 Auto vars:     Size  Location     Type
		None
 Return value:  Size  Location     Type
                  1    wreg      void 
 Registers used:
		wreg, status,2
 Tracked objects:
		On entry : 
		On exit  : 
		Unchanged: 
 Data sizes:     COMRAM   BANK0   BANK1   BANK2   BANK3   BANK4   BANK5   BANK6   BANK7   BANK8   BANK9  BANK10  BANK11  BANK12  BANK13  BANK14
      Params:         0       0       0       0       0       0       0       0       0       0       0       0       0       0       0       0
      Locals:         0       0       0       0       0       0       0       0       0       0       0       0       0       0       0       0
      Temps:          0       0       0       0       0       0       0       0       0       0       0       0       0       0       0       0
      Totals:         0       0       0       0       0       0       0       0       0       0       0       0       0       0       0       0
Total ram usage:        0 bytes
 Hardware stack levels used:    1
 This function calls:
		Nothing
 This function is called by:
		_SYSTEM_Initialize
 This function uses a non-reentrant model



MODULE INFORMATION

Module		Function		Class		Link	Load	Size
C:\Program Files (x86)\Microchip\xc8\v1.41\sources\common\doprnt.c
		_printf        		CODE           	0FC0	0000	121

C:\Program Files (x86)\Microchip\xc8\v1.41\sources\common\doprnt.c estimated size: 121

mcc_generated_files/pin_manager.c
		_PIN_MANAGER_Initialize		CODE           	1120	0000	47

mcc_generated_files/pin_manager.c estimated size: 47

mcc_generated_files/spi.c
		_SPI_Exchange8bit		CODE           	122C	0000	21
		_SPI_Initialize		CODE           	1268	0000	11

mcc_generated_files/spi.c estimated size: 32

shared
		__initialization		CODE           	10EA	0000	45

shared estimated size: 45

mcc_generated_files/eusart1.c
		_EUSART1_Initialize		CODE           	1216	0000	23
		_putch         		CODE           	125E	0000	11
		_EUSART1_Write 		CODE           	1252	0000	13

mcc_generated_files/eusart1.c estimated size: 47

mcc_generated_files/mcc.c
		_OSCILLATOR_Initialize		CODE           	1240	0000	19
		_SYSTEM_Initialize		CODE           	1200	0000	23

mcc_generated_files/mcc.c estimated size: 42

mcc_generated_files/tmr1.c
		_TMR1_Initialize		CODE           	1178	0000	43
		_TMR1_WriteTimer		CODE           	11E4	0000	29
		_TMR1_StartTimer		CODE           	1276	0000	5
		_TMR1_ReadTimer		CODE           	11C6	0000	31

mcc_generated_files/tmr1.c estimated size: 108

main.c
		_routine_talk  		CODE           	1038	0000	115
		_main          		CODE           	114E	0000	43
		_receiving     		CODE           	0F1E	0000	163
		_identify      		CODE           	10AA	0000	65
		_key_locking   		CODE           	11A2	0000	37

main.c estimated size: 423

